DROP TABLE
CREATE TABLE
COPY 4
DROP INDEX
CREATE INDEX
SET
 id |    val    
----+-----------
  0 | -0.999999
  1 | 0.000000
  2 | 0.999999
  3 | 1.000000
(4 rows)

 id |    val    |   dst    
----+-----------+----------
  1 | 0.000000  |        0
  0 | -0.999999 | 0.999999
  2 | 0.999999  | 0.999999
  3 | 1.000000  |        1
(4 rows)

 id |   val    
----+----------
  1 | 0.000000
(1 row)

