DROP TABLE
CREATE TABLE
COPY 3
DROP INDEX
CREATE INDEX
SET
 id |             val             
----+-----------------------------
  0 | 
  1 | -0.999999,0.000000
  2 | -0.999999,0.000000,0.999999
(3 rows)

 id |             val             |   dst    
----+-----------------------------+----------
  0 |                             |        0
  2 | -0.999999,0.000000,0.999999 |        0
  1 | -0.999999,0.000000          | 0.999999
(3 rows)

 id | val 
----+-----
(0 rows)

